upstream iroh-doctor report:
Probe protocols selected:
quic ipv4
quic ipv6
https

Relay Map:
- https://aps1-1.relay.n0.iroh.link./
  QUIC port: Some(7842)
- https://euc1-1.relay.n0.iroh.link./
  QUIC port: Some(7842)
- https://use1-1.relay.n0.iroh.link./
  QUIC port: Some(7842)
- https://usw1-1.relay.n0.iroh.link./
  QUIC port: Some(7842)
None
Some(
    Report {
        udp_v4: true,
        udp_v6: false,
        mapping_varies_by_dest_ipv4: Some(
            true,
        ),
        mapping_varies_by_dest_ipv6: None,
        preferred_relay: Some(
            RelayUrl(
                "https://usw1-1.relay.n0.iroh.link./",
            ),
        ),
        relay_latency: RelayLatencies {
            ipv4: {
                RelayUrl(
                    "https://euc1-1.relay.n0.iroh.link./",
                ): 226.970379ms,
                RelayUrl(
                    "https://use1-1.relay.n0.iroh.link./",
                ): 133.026886ms,
                RelayUrl(
                    "https://usw1-1.relay.n0.iroh.link./",
                ): 82.664006ms,
            },
            ipv6: {},
            https: {},
        },
        global_v4: Some(
            98.97.27.33:39776,
        ),
        global_v6: None,
        captive_portal: None,
    },
)

Go report:
{UDPv4:true UDPv6:false MappingVariesByDestV4:0x59b14afae0e9 MappingVariesByDestV6:<nil> PreferredRelay:https://usw1-1.relay.n0.iroh-canary.iroh.link./ RelayLatencies:map[https://use1-1.relay.n0.iroh-canary.iroh.link./:137.100938ms https://usw1-1.relay.n0.iroh-canary.iroh.link./:49.287878ms https://euc1-1.relay.n0.iroh-canary.iroh.link./:111ms https://aps1-1.relay.n0.iroh-canary.iroh.link./:194.760921ms] GlobalV4:98.97.27.33:28305 GlobalV6:invalid AddrPort CaptivePortal:0x59b14afae0ea}
